// Jest Snapshot v1, https://goo.gl/fbAQLP

exports[`bold is stripped from header 1`] = `
<body>
  <div
    class="engrafo-container"
  >
    <dt-article>
      <h1
        class="title"
      >
        Why would someone do this
      </h1>
      <dt-byline>
        <div
          class="byline"
        >
          <div
            class="authors"
          >
            
          </div>
        </div>
      </dt-byline>
    </dt-article>
    <dt-appendix>
      <div
        class="l-body"
      />
    </dt-appendix>
    <div
      id="footnote-hover-boxes-container"
    />
  </div>
</body>
`;
