// Jest Snapshot v1, https://goo.gl/fbAQLP

exports[`footnotes after metadata are inlined inside metadata 1`] = `
<body>
  <div
    class="engrafo-container"
  >
    


    <div
      class="ltx_page_content"
    >
      

      <dt-article>
        

        <h1
          class="ltx_title ltx_title_document"
        >
          Hello
        </h1>
        <div
          class="engrafo-metadata"
        >
          <div
            class="ltx_authors"
          >
            

            <span
              class="ltx_creator ltx_role_author"
            >
              

              <span
                class="ltx_personname"
              >
                Joe Bloggs

              </span>
            </span>
            

            <span
              class="ltx_author_before"
            >
                
            </span>
            <span
              class="ltx_creator ltx_role_author"
            >
              

              <span
                class="ltx_personname"
              >
                Jane Smith

              </span>
            </span>
            

          </div>
          <div
            class="engrafo-metadata-custom"
          />
        </div>
        


        <span
          class="ltx_note ltx_role_footnote"
        >
          <dt-fn>
            <sup>
              <span
                data-hover-ref="dt-fn-hover-box-0"
                id="fn-1"
                style="cursor:pointer"
              >
                1
              </span>
            </sup>
          </dt-fn>
        </span>
        

      </dt-article>
      

      <dt-appendix>
        

        


        <div
          class="l-body"
        >
          <h3>
            Footnotes
          </h3>
          <dt-fn-list>
            <ol>
              <li>
                <span
                  class="ltx_note_content"
                >
                  Some University
                </span>
              </li>
            </ol>
          </dt-fn-list>
        </div>
        

      </dt-appendix>
    </div>
    





    <div
      id="footnote-hover-boxes-container"
    >
      <div
        class="dt-hover-box"
        id="dt-fn-hover-box-0"
        style="display:none;"
      >
        <span
          class="ltx_note_content"
        >
          Some University
        </span>
      </div>
    </div>
  </div>
</body>
`;
