// Jest Snapshot v1, https://goo.gl/fbAQLP

exports[`basic tables render correctly 1`] = `
<body>
  <div
    class="engrafo-container"
  >
    


    <div
      class="ltx_page_content"
    >
      

      <dt-article>
        

        <figure
          class="ltx_table"
          id="S0.T1"
        >
          

          <table
            class="ltx_tabular ltx_align_middle"
          >
            

            <tbody
              class="ltx_tbody"
            >
              

              <tr
                class="ltx_tr"
              >
                

                <td
                  class="ltx_td ltx_align_center"
                >
                  cell1
                </td>
                

                <td
                  class="ltx_td ltx_align_center"
                >
                  cell2
                </td>
                

                <td
                  class="ltx_td ltx_align_center"
                >
                  cell3
                </td>
                

              </tr>
              

              <tr
                class="ltx_tr"
              >
                

                <td
                  class="ltx_td ltx_align_center"
                >
                  cell4
                </td>
                

                <td
                  class="ltx_td ltx_align_center"
                >
                  cell5
                </td>
                

                <td
                  class="ltx_td ltx_align_center"
                >
                  cell6
                </td>
                

              </tr>
              

              <tr
                class="ltx_tr"
              >
                

                <td
                  class="ltx_td ltx_align_center"
                >
                  cell7
                </td>
                

                <td
                  class="ltx_td ltx_align_center"
                >
                  cell8
                </td>
                

                <td
                  class="ltx_td ltx_align_center"
                >
                  cell9
                </td>
                

              </tr>
              

            </tbody>
            

          </table>
          

          <figcaption
            class="ltx_caption"
          >
            <span
              class="ltx_tag ltx_tag_table"
            >
              Table 1: 
            </span>
            Some numbers.
          </figcaption>
          

        </figure>
        

        <div
          class="ltx_para"
          id="p1"
        >
          

          <p
            class="ltx_p"
          >
            Take a look at some cool data in table 
            <a
              class="ltx_ref"
              href="#S0.T1"
              title="Table 1"
            >
              <span
                class="ltx_text ltx_ref_tag"
              >
                1
              </span>
            </a>
            .
          </p>
          

        </div>
        

      </dt-article>
      

      <dt-appendix>
        

        


        <div
          class="l-body"
        />
        

      </dt-appendix>
    </div>
    





    <div
      id="footnote-hover-boxes-container"
    />
  </div>
</body>
`;
